../Core/Src/main.c:65:1:__io_putchar	16	static
../Core/Src/main.c:99:5:main	120	static
../Core/Src/main.c:162:6:SystemClock_Config	88	static
../Core/Src/main.c:206:13:MX_I2C1_Init	8	static
../Core/Src/main.c:238:13:MX_USART3_UART_Init	8	static
../Core/Src/main.c:269:13:MX_USB_OTG_FS_PCD_Init	8	static
../Core/Src/main.c:302:13:MX_GPIO_Init	56	static
../Core/Src/main.c:349:19:initADXL345	24	static
../Core/Src/main.c:366:19:ReadReg	24	static
../Core/Src/main.c:382:6:Error_Handler	4	static,ignoring_inline_asm
