../Core/Src/main.c:66:1:__io_putchar	16	static
../Core/Src/main.c:100:5:main	120	static
../Core/Src/main.c:155:6:SystemClock_Config	88	static
../Core/Src/main.c:199:13:MX_I2C1_Init	8	static
../Core/Src/main.c:231:13:MX_USART3_UART_Init	8	static
../Core/Src/main.c:262:13:MX_USB_OTG_FS_PCD_Init	8	static
../Core/Src/main.c:295:13:MX_GPIO_Init	56	static
../Core/Src/main.c:342:19:initADXL345	32	static
../Core/Src/main.c:363:19:ReadReg	32	static
../Core/Src/main.c:378:6:Error_Handler	4	static,ignoring_inline_asm
